Archive member included to satisfy reference by file (symbol)

c:/program files (x86)/atmel/studio/7.0/toolchain/avr8/avr8-gnu-toolchain/bin/../lib/gcc/avr/5.4.0/avr5\libgcc.a(_exit.o)
                              C:/Program Files (x86)/Atmel/Studio/7.0/Packs/atmel/ATmega_DFP/1.7.374/gcc/dev/atmega32a/avr5/crtatmega32a.o (exit)
c:/program files (x86)/atmel/studio/7.0/toolchain/avr8/avr8-gnu-toolchain/bin/../lib/gcc/avr/5.4.0/avr5\libgcc.a(_clear_bss.o)
                              App/app.o (__do_clear_bss)

Discarded input sections

 .data          0x00000000        0x0 C:/Program Files (x86)/Atmel/Studio/7.0/Packs/atmel/ATmega_DFP/1.7.374/gcc/dev/atmega32a/avr5/crtatmega32a.o
 .bss           0x00000000        0x0 C:/Program Files (x86)/Atmel/Studio/7.0/Packs/atmel/ATmega_DFP/1.7.374/gcc/dev/atmega32a/avr5/crtatmega32a.o
 .text          0x00000000        0x0 App/app.o
 .data          0x00000000        0x0 App/app.o
 .bss           0x00000000        0x0 App/app.o
 .text.APP_testModule
                0x00000000       0xa6 App/app.o
 .text.APP_testTimer
                0x00000000       0x6e App/app.o
 .text          0x00000000        0x0 HAL/LED/led.o
 .data          0x00000000        0x0 HAL/LED/led.o
 .bss           0x00000000        0x0 HAL/LED/led.o
 .text          0x00000000        0x0 main.o
 .data          0x00000000        0x0 main.o
 .bss           0x00000000        0x0 main.o
 .text          0x00000000        0x0 MCAL/DIO/dio.o
 .data          0x00000000        0x0 MCAL/DIO/dio.o
 .bss           0x00000000        0x0 MCAL/DIO/dio.o
 .text          0x00000000        0x0 MCAL/INTERRUPTS/interrupts.o
 .data          0x00000000        0x0 MCAL/INTERRUPTS/interrupts.o
 .bss           0x00000000        0x0 MCAL/INTERRUPTS/interrupts.o
 .text          0x00000000        0x0 MCAL/Timer/timer0.o
 .data          0x00000000        0x0 MCAL/Timer/timer0.o
 .bss           0x00000000        0x0 MCAL/Timer/timer0.o
 .text          0x00000000        0x0 MCAL/Timer/timer2.o
 .data          0x00000000        0x0 MCAL/Timer/timer2.o
 .bss           0x00000000        0x0 MCAL/Timer/timer2.o
 .text          0x00000000        0x0 c:/program files (x86)/atmel/studio/7.0/toolchain/avr8/avr8-gnu-toolchain/bin/../lib/gcc/avr/5.4.0/avr5\libgcc.a(_exit.o)
 .data          0x00000000        0x0 c:/program files (x86)/atmel/studio/7.0/toolchain/avr8/avr8-gnu-toolchain/bin/../lib/gcc/avr/5.4.0/avr5\libgcc.a(_exit.o)
 .bss           0x00000000        0x0 c:/program files (x86)/atmel/studio/7.0/toolchain/avr8/avr8-gnu-toolchain/bin/../lib/gcc/avr/5.4.0/avr5\libgcc.a(_exit.o)
 .text.libgcc.mul
                0x00000000        0x0 c:/program files (x86)/atmel/studio/7.0/toolchain/avr8/avr8-gnu-toolchain/bin/../lib/gcc/avr/5.4.0/avr5\libgcc.a(_exit.o)
 .text.libgcc.div
                0x00000000        0x0 c:/program files (x86)/atmel/studio/7.0/toolchain/avr8/avr8-gnu-toolchain/bin/../lib/gcc/avr/5.4.0/avr5\libgcc.a(_exit.o)
 .text.libgcc   0x00000000        0x0 c:/program files (x86)/atmel/studio/7.0/toolchain/avr8/avr8-gnu-toolchain/bin/../lib/gcc/avr/5.4.0/avr5\libgcc.a(_exit.o)
 .text.libgcc.prologue
                0x00000000        0x0 c:/program files (x86)/atmel/studio/7.0/toolchain/avr8/avr8-gnu-toolchain/bin/../lib/gcc/avr/5.4.0/avr5\libgcc.a(_exit.o)
 .text.libgcc.builtins
                0x00000000        0x0 c:/program files (x86)/atmel/studio/7.0/toolchain/avr8/avr8-gnu-toolchain/bin/../lib/gcc/avr/5.4.0/avr5\libgcc.a(_exit.o)
 .text.libgcc.fmul
                0x00000000        0x0 c:/program files (x86)/atmel/studio/7.0/toolchain/avr8/avr8-gnu-toolchain/bin/../lib/gcc/avr/5.4.0/avr5\libgcc.a(_exit.o)
 .text.libgcc.fixed
                0x00000000        0x0 c:/program files (x86)/atmel/studio/7.0/toolchain/avr8/avr8-gnu-toolchain/bin/../lib/gcc/avr/5.4.0/avr5\libgcc.a(_exit.o)
 .text          0x00000000        0x0 c:/program files (x86)/atmel/studio/7.0/toolchain/avr8/avr8-gnu-toolchain/bin/../lib/gcc/avr/5.4.0/avr5\libgcc.a(_clear_bss.o)
 .data          0x00000000        0x0 c:/program files (x86)/atmel/studio/7.0/toolchain/avr8/avr8-gnu-toolchain/bin/../lib/gcc/avr/5.4.0/avr5\libgcc.a(_clear_bss.o)
 .bss           0x00000000        0x0 c:/program files (x86)/atmel/studio/7.0/toolchain/avr8/avr8-gnu-toolchain/bin/../lib/gcc/avr/5.4.0/avr5\libgcc.a(_clear_bss.o)
 .text.libgcc.mul
                0x00000000        0x0 c:/program files (x86)/atmel/studio/7.0/toolchain/avr8/avr8-gnu-toolchain/bin/../lib/gcc/avr/5.4.0/avr5\libgcc.a(_clear_bss.o)
 .text.libgcc.div
                0x00000000        0x0 c:/program files (x86)/atmel/studio/7.0/toolchain/avr8/avr8-gnu-toolchain/bin/../lib/gcc/avr/5.4.0/avr5\libgcc.a(_clear_bss.o)
 .text.libgcc   0x00000000        0x0 c:/program files (x86)/atmel/studio/7.0/toolchain/avr8/avr8-gnu-toolchain/bin/../lib/gcc/avr/5.4.0/avr5\libgcc.a(_clear_bss.o)
 .text.libgcc.prologue
                0x00000000        0x0 c:/program files (x86)/atmel/studio/7.0/toolchain/avr8/avr8-gnu-toolchain/bin/../lib/gcc/avr/5.4.0/avr5\libgcc.a(_clear_bss.o)
 .text.libgcc.builtins
                0x00000000        0x0 c:/program files (x86)/atmel/studio/7.0/toolchain/avr8/avr8-gnu-toolchain/bin/../lib/gcc/avr/5.4.0/avr5\libgcc.a(_clear_bss.o)
 .text.libgcc.fmul
                0x00000000        0x0 c:/program files (x86)/atmel/studio/7.0/toolchain/avr8/avr8-gnu-toolchain/bin/../lib/gcc/avr/5.4.0/avr5\libgcc.a(_clear_bss.o)
 .text.libgcc.fixed
                0x00000000        0x0 c:/program files (x86)/atmel/studio/7.0/toolchain/avr8/avr8-gnu-toolchain/bin/../lib/gcc/avr/5.4.0/avr5\libgcc.a(_clear_bss.o)

Memory Configuration

Name             Origin             Length             Attributes
text             0x00000000         0x00008000         xr
data             0x00800060         0x00000800         rw !x
eeprom           0x00810000         0x00000400         rw !x
fuse             0x00820000         0x00000002         rw !x
lock             0x00830000         0x00000400         rw !x
signature        0x00840000         0x00000400         rw !x
user_signatures  0x00850000         0x00000400         rw !x
*default*        0x00000000         0xffffffff

Linker script and memory map

LOAD C:/Program Files (x86)/Atmel/Studio/7.0/Packs/atmel/ATmega_DFP/1.7.374/gcc/dev/atmega32a/avr5/crtatmega32a.o
LOAD App/app.o
LOAD HAL/LED/led.o
LOAD main.o
LOAD MCAL/DIO/dio.o
LOAD MCAL/INTERRUPTS/interrupts.o
LOAD MCAL/Timer/timer0.o
LOAD MCAL/Timer/timer2.o
START GROUP
LOAD c:/program files (x86)/atmel/studio/7.0/toolchain/avr8/avr8-gnu-toolchain/bin/../lib/gcc/avr/5.4.0/../../../../avr/lib/avr5\libm.a
END GROUP
START GROUP
LOAD c:/program files (x86)/atmel/studio/7.0/toolchain/avr8/avr8-gnu-toolchain/bin/../lib/gcc/avr/5.4.0/avr5\libgcc.a
LOAD c:/program files (x86)/atmel/studio/7.0/toolchain/avr8/avr8-gnu-toolchain/bin/../lib/gcc/avr/5.4.0/../../../../avr/lib/avr5\libm.a
LOAD c:/program files (x86)/atmel/studio/7.0/toolchain/avr8/avr8-gnu-toolchain/bin/../lib/gcc/avr/5.4.0/../../../../avr/lib/avr5\libc.a
LOAD C:/Program Files (x86)/Atmel/Studio/7.0/Packs/atmel/ATmega_DFP/1.7.374/gcc/dev/atmega32a/avr5\libatmega32a.a
END GROUP
                [0x00000000]                __TEXT_REGION_ORIGIN__ = DEFINED (__TEXT_REGION_ORIGIN__)?__TEXT_REGION_ORIGIN__:0x0
                [0x00800060]                __DATA_REGION_ORIGIN__ = DEFINED (__DATA_REGION_ORIGIN__)?__DATA_REGION_ORIGIN__:0x800060
                [0x00008000]                __TEXT_REGION_LENGTH__ = DEFINED (__TEXT_REGION_LENGTH__)?__TEXT_REGION_LENGTH__:0x20000
                [0x00000800]                __DATA_REGION_LENGTH__ = DEFINED (__DATA_REGION_LENGTH__)?__DATA_REGION_LENGTH__:0xffa0
                [0x00000400]                __EEPROM_REGION_LENGTH__ = DEFINED (__EEPROM_REGION_LENGTH__)?__EEPROM_REGION_LENGTH__:0x10000
                [0x00000002]                __FUSE_REGION_LENGTH__ = DEFINED (__FUSE_REGION_LENGTH__)?__FUSE_REGION_LENGTH__:0x400
                0x00000400                __LOCK_REGION_LENGTH__ = DEFINED (__LOCK_REGION_LENGTH__)?__LOCK_REGION_LENGTH__:0x400
                0x00000400                __SIGNATURE_REGION_LENGTH__ = DEFINED (__SIGNATURE_REGION_LENGTH__)?__SIGNATURE_REGION_LENGTH__:0x400
                0x00000400                __USER_SIGNATURE_REGION_LENGTH__ = DEFINED (__USER_SIGNATURE_REGION_LENGTH__)?__USER_SIGNATURE_REGION_LENGTH__:0x400

.hash
 *(.hash)

.dynsym
 *(.dynsym)

.dynstr
 *(.dynstr)

.gnu.version
 *(.gnu.version)

.gnu.version_d
 *(.gnu.version_d)

.gnu.version_r
 *(.gnu.version_r)

.rel.init
 *(.rel.init)

.rela.init
 *(.rela.init)

.rel.text
 *(.rel.text)
 *(.rel.text.*)
 *(.rel.gnu.linkonce.t*)

.rela.text
 *(.rela.text)
 *(.rela.text.*)
 *(.rela.gnu.linkonce.t*)

.rel.fini
 *(.rel.fini)

.rela.fini
 *(.rela.fini)

.rel.rodata
 *(.rel.rodata)
 *(.rel.rodata.*)
 *(.rel.gnu.linkonce.r*)

.rela.rodata
 *(.rela.rodata)
 *(.rela.rodata.*)
 *(.rela.gnu.linkonce.r*)

.rel.data
 *(.rel.data)
 *(.rel.data.*)
 *(.rel.gnu.linkonce.d*)

.rela.data
 *(.rela.data)
 *(.rela.data.*)
 *(.rela.gnu.linkonce.d*)

.rel.ctors
 *(.rel.ctors)

.rela.ctors
 *(.rela.ctors)

.rel.dtors
 *(.rel.dtors)

.rela.dtors
 *(.rela.dtors)

.rel.got
 *(.rel.got)

.rela.got
 *(.rela.got)

.rel.bss
 *(.rel.bss)

.rela.bss
 *(.rela.bss)

.rel.plt
 *(.rel.plt)

.rela.plt
 *(.rela.plt)

.text           0x00000000      0x7a4
 *(.vectors)
 .vectors       0x00000000       0x54 C:/Program Files (x86)/Atmel/Studio/7.0/Packs/atmel/ATmega_DFP/1.7.374/gcc/dev/atmega32a/avr5/crtatmega32a.o
                0x00000000                __vector_default
                0x00000000                __vectors
 *(.vectors)
 *(.progmem.gcc*)
                0x00000054                . = ALIGN (0x2)
                0x00000054                __trampolines_start = .
 *(.trampolines)
 .trampolines   0x00000054        0x0 linker stubs
 *(.trampolines*)
                0x00000054                __trampolines_end = .
 *libprintf_flt.a:*(.progmem.data)
 *libc.a:*(.progmem.data)
 *(.progmem*)
                0x00000054                . = ALIGN (0x2)
 *(.jumptables)
 *(.jumptables*)
 *(.lowtext)
 *(.lowtext*)
                0x00000054                __ctors_start = .
 *(.ctors)
                0x00000054                __ctors_end = .
                0x00000054                __dtors_start = .
 *(.dtors)
                0x00000054                __dtors_end = .
 SORT(*)(.ctors)
 SORT(*)(.dtors)
 *(.init0)
 .init0         0x00000054        0x0 C:/Program Files (x86)/Atmel/Studio/7.0/Packs/atmel/ATmega_DFP/1.7.374/gcc/dev/atmega32a/avr5/crtatmega32a.o
                0x00000054                __init
 *(.init0)
 *(.init1)
 *(.init1)
 *(.init2)
 .init2         0x00000054        0xc C:/Program Files (x86)/Atmel/Studio/7.0/Packs/atmel/ATmega_DFP/1.7.374/gcc/dev/atmega32a/avr5/crtatmega32a.o
 *(.init2)
 *(.init3)
 *(.init3)
 *(.init4)
 .init4         0x00000060       0x10 c:/program files (x86)/atmel/studio/7.0/toolchain/avr8/avr8-gnu-toolchain/bin/../lib/gcc/avr/5.4.0/avr5\libgcc.a(_clear_bss.o)
                0x00000060                __do_clear_bss
 *(.init4)
 *(.init5)
 *(.init5)
 *(.init6)
 *(.init6)
 *(.init7)
 *(.init7)
 *(.init8)
 *(.init8)
 *(.init9)
 .init9         0x00000070        0x8 C:/Program Files (x86)/Atmel/Studio/7.0/Packs/atmel/ATmega_DFP/1.7.374/gcc/dev/atmega32a/avr5/crtatmega32a.o
 *(.init9)
 *(.text)
 .text          0x00000078        0x4 C:/Program Files (x86)/Atmel/Studio/7.0/Packs/atmel/ATmega_DFP/1.7.374/gcc/dev/atmega32a/avr5/crtatmega32a.o
                0x00000078                __vector_12
                0x00000078                __bad_interrupt
                0x00000078                __vector_6
                0x00000078                __vector_3
                0x00000078                __vector_11
                0x00000078                __vector_13
                0x00000078                __vector_17
                0x00000078                __vector_19
                0x00000078                __vector_7
                0x00000078                __vector_5
                0x00000078                __vector_4
                0x00000078                __vector_9
                0x00000078                __vector_2
                0x00000078                __vector_15
                0x00000078                __vector_8
                0x00000078                __vector_14
                0x00000078                __vector_10
                0x00000078                __vector_16
                0x00000078                __vector_18
                0x00000078                __vector_20
                0x0000007c                . = ALIGN (0x2)
 *(.text.*)
 .text.APP_init
                0x0000007c       0x40 App/app.o
                0x0000007c                APP_init
 .text.APP_startCarMode
                0x000000bc      0x13e App/app.o
                0x000000bc                APP_startCarMode
 .text.APP_start
                0x000001fa        0xe App/app.o
                0x000001fa                APP_start
 .text.APP_startPedestrianMode
                0x00000208      0x172 App/app.o
                0x00000208                APP_startPedestrianMode
 .text.APP_switchMode
                0x0000037a       0x20 App/app.o
                0x0000037a                APP_switchMode
 .text.LED_init
                0x0000039a        0xc HAL/LED/led.o
                0x0000039a                LED_init
 .text.LED_on   0x000003a6        0xc HAL/LED/led.o
                0x000003a6                LED_on
 .text.LED_off  0x000003b2        0xc HAL/LED/led.o
                0x000003b2                LED_off
 .text.LED_toggle
                0x000003be        0xa HAL/LED/led.o
                0x000003be                LED_toggle
 .text.main     0x000003c8        0xa main.o
                0x000003c8                main
 .text.DIO_init
                0x000003d2      0x124 MCAL/DIO/dio.o
                0x000003d2                DIO_init
 .text.DIO_write
                0x000004f6      0x124 MCAL/DIO/dio.o
                0x000004f6                DIO_write
 .text.DIO_toggle
                0x0000061a       0x82 MCAL/DIO/dio.o
                0x0000061a                DIO_toggle
 .text.INT_init
                0x0000069c       0x1a MCAL/INTERRUPTS/interrupts.o
                0x0000069c                INT_init
 .text.setINT0Callback
                0x000006b6        0xa MCAL/INTERRUPTS/interrupts.o
                0x000006b6                setINT0Callback
 .text.__vector_1
                0x000006c0       0x5c MCAL/INTERRUPTS/interrupts.o
                0x000006c0                __vector_1
 .text.TIMER0_delay
                0x0000071c       0x42 MCAL/Timer/timer0.o
                0x0000071c                TIMER0_delay
 .text.TIMER2_delay
                0x0000075e       0x42 MCAL/Timer/timer2.o
                0x0000075e                TIMER2_delay
                0x000007a0                . = ALIGN (0x2)
 *(.fini9)
 .fini9         0x000007a0        0x0 c:/program files (x86)/atmel/studio/7.0/toolchain/avr8/avr8-gnu-toolchain/bin/../lib/gcc/avr/5.4.0/avr5\libgcc.a(_exit.o)
                0x000007a0                _exit
                0x000007a0                exit
 *(.fini9)
 *(.fini8)
 *(.fini8)
 *(.fini7)
 *(.fini7)
 *(.fini6)
 *(.fini6)
 *(.fini5)
 *(.fini5)
 *(.fini4)
 *(.fini4)
 *(.fini3)
 *(.fini3)
 *(.fini2)
 *(.fini2)
 *(.fini1)
 *(.fini1)
 *(.fini0)
 .fini0         0x000007a0        0x4 c:/program files (x86)/atmel/studio/7.0/toolchain/avr8/avr8-gnu-toolchain/bin/../lib/gcc/avr/5.4.0/avr5\libgcc.a(_exit.o)
 *(.fini0)
                0x000007a4                _etext = .

.data           0x00800060        0x0 load address 0x000007a4
                [!provide]                PROVIDE (__data_start, .)
 *(.data)
 *(.data*)
 *(.gnu.linkonce.d*)
 *(.rodata)
 *(.rodata*)
 *(.gnu.linkonce.r*)
                0x00800060                . = ALIGN (0x2)
                0x00800060                _edata = .
                [!provide]                PROVIDE (__data_end, .)

.bss            0x00800060        0x8
                0x00800060                PROVIDE (__bss_start, .)
 *(.bss)
 *(.bss*)
 .bss.secondsCounter
                0x00800060        0x1 App/app.o
 .bss.timer0InterruptFlag_g
                0x00800061        0x1 App/app.o
 .bss.previousCarLed
                0x00800062        0x1 App/app.o
 .bss.currentCarLed
                0x00800063        0x1 App/app.o
 .bss.appMode_g
                0x00800064        0x1 App/app.o
 .bss.INT0Callback
                0x00800065        0x2 MCAL/INTERRUPTS/interrupts.o
 .bss.interruptFlag_g
                0x00800067        0x1 MCAL/INTERRUPTS/interrupts.o
                0x00800067                interruptFlag_g
 *(COMMON)
                0x00800068                PROVIDE (__bss_end, .)
                0x000007a4                __data_load_start = LOADADDR (.data)
                0x000007a4                __data_load_end = (__data_load_start + SIZEOF (.data))

.noinit         0x00800068        0x0
                [!provide]                PROVIDE (__noinit_start, .)
 *(.noinit*)
                [!provide]                PROVIDE (__noinit_end, .)
                0x00800068                _end = .
                [!provide]                PROVIDE (__heap_start, .)

.eeprom         0x00810000        0x0
 *(.eeprom*)
                0x00810000                __eeprom_end = .

.fuse
 *(.fuse)
 *(.lfuse)
 *(.hfuse)
 *(.efuse)

.lock
 *(.lock*)

.signature
 *(.signature*)

.user_signatures
 *(.user_signatures*)

.stab
 *(.stab)

.stabstr
 *(.stabstr)

.stab.excl
 *(.stab.excl)

.stab.exclstr
 *(.stab.exclstr)

.stab.index
 *(.stab.index)

.stab.indexstr
 *(.stab.indexstr)

.comment        0x00000000       0x30
 *(.comment)
 .comment       0x00000000       0x30 App/app.o
                                 0x31 (size before relaxing)
 .comment       0x00000030       0x31 HAL/LED/led.o
 .comment       0x00000030       0x31 main.o
 .comment       0x00000030       0x31 MCAL/DIO/dio.o
 .comment       0x00000030       0x31 MCAL/INTERRUPTS/interrupts.o
 .comment       0x00000030       0x31 MCAL/Timer/timer0.o
 .comment       0x00000030       0x31 MCAL/Timer/timer2.o

.note.gnu.avr.deviceinfo
                0x00000000       0x3c
 .note.gnu.avr.deviceinfo
                0x00000000       0x3c C:/Program Files (x86)/Atmel/Studio/7.0/Packs/atmel/ATmega_DFP/1.7.374/gcc/dev/atmega32a/avr5/crtatmega32a.o

.note.gnu.build-id
 *(.note.gnu.build-id)

.debug
 *(.debug)

.line
 *(.line)

.debug_srcinfo
 *(.debug_srcinfo)

.debug_sfnames
 *(.debug_sfnames)

.debug_aranges  0x00000000      0x148
 *(.debug_aranges)
 .debug_aranges
                0x00000000       0x50 App/app.o
 .debug_aranges
                0x00000050       0x38 HAL/LED/led.o
 .debug_aranges
                0x00000088       0x20 main.o
 .debug_aranges
                0x000000a8       0x30 MCAL/DIO/dio.o
 .debug_aranges
                0x000000d8       0x30 MCAL/INTERRUPTS/interrupts.o
 .debug_aranges
                0x00000108       0x20 MCAL/Timer/timer0.o
 .debug_aranges
                0x00000128       0x20 MCAL/Timer/timer2.o

.debug_pubnames
 *(.debug_pubnames)

.debug_info     0x00000000     0x1915
 *(.debug_info .gnu.linkonce.wi.*)
 .debug_info    0x00000000      0x4e6 C:/Program Files (x86)/Atmel/Studio/7.0/Packs/atmel/ATmega_DFP/1.7.374/gcc/dev/atmega32a/avr5/crtatmega32a.o
 .debug_info    0x000004e6      0xb5c App/app.o
 .debug_info    0x00001042      0x2b1 HAL/LED/led.o
 .debug_info    0x000012f3       0xca main.o
 .debug_info    0x000013bd      0x17c MCAL/DIO/dio.o
 .debug_info    0x00001539      0x144 MCAL/INTERRUPTS/interrupts.o
 .debug_info    0x0000167d      0x149 MCAL/Timer/timer0.o
 .debug_info    0x000017c6      0x14f MCAL/Timer/timer2.o

.debug_abbrev   0x00000000      0x959
 *(.debug_abbrev)
 .debug_abbrev  0x00000000      0x4a3 C:/Program Files (x86)/Atmel/Studio/7.0/Packs/atmel/ATmega_DFP/1.7.374/gcc/dev/atmega32a/avr5/crtatmega32a.o
 .debug_abbrev  0x000004a3       0xec App/app.o
 .debug_abbrev  0x0000058f       0xab HAL/LED/led.o
 .debug_abbrev  0x0000063a       0x68 main.o
 .debug_abbrev  0x000006a2       0x9c MCAL/DIO/dio.o
 .debug_abbrev  0x0000073e       0xeb MCAL/INTERRUPTS/interrupts.o
 .debug_abbrev  0x00000829       0x98 MCAL/Timer/timer0.o
 .debug_abbrev  0x000008c1       0x98 MCAL/Timer/timer2.o

.debug_line     0x00000000      0xcb9
 *(.debug_line .debug_line.* .debug_line_end)
 .debug_line    0x00000000      0x116 C:/Program Files (x86)/Atmel/Studio/7.0/Packs/atmel/ATmega_DFP/1.7.374/gcc/dev/atmega32a/avr5/crtatmega32a.o
 .debug_line    0x00000116      0x4f9 App/app.o
 .debug_line    0x0000060f      0x134 HAL/LED/led.o
 .debug_line    0x00000743       0x5b main.o
 .debug_line    0x0000079e      0x273 MCAL/DIO/dio.o
 .debug_line    0x00000a11       0xfe MCAL/INTERRUPTS/interrupts.o
 .debug_line    0x00000b0f       0xd5 MCAL/Timer/timer0.o
 .debug_line    0x00000be4       0xd5 MCAL/Timer/timer2.o

.debug_frame    0x00000000      0x214
 *(.debug_frame)
 .debug_frame   0x00000000       0x84 App/app.o
 .debug_frame   0x00000084       0x54 HAL/LED/led.o
 .debug_frame   0x000000d8       0x24 main.o
 .debug_frame   0x000000fc       0x44 MCAL/DIO/dio.o
 .debug_frame   0x00000140       0x8c MCAL/INTERRUPTS/interrupts.o
 .debug_frame   0x000001cc       0x24 MCAL/Timer/timer0.o
 .debug_frame   0x000001f0       0x24 MCAL/Timer/timer2.o

.debug_str      0x00000000      0x850
 *(.debug_str)
 .debug_str     0x00000000      0x196 C:/Program Files (x86)/Atmel/Studio/7.0/Packs/atmel/ATmega_DFP/1.7.374/gcc/dev/atmega32a/avr5/crtatmega32a.o
 .debug_str     0x00000196      0x404 App/app.o
                                0x438 (size before relaxing)
 .debug_str     0x0000059a       0xcf HAL/LED/led.o
                                0x2cf (size before relaxing)
 .debug_str     0x00000669       0x11 main.o
                                0x1db (size before relaxing)
 .debug_str     0x0000067a       0x37 MCAL/DIO/dio.o
                                0x25b (size before relaxing)
 .debug_str     0x000006b1       0x5f MCAL/INTERRUPTS/interrupts.o
                                0x250 (size before relaxing)
 .debug_str     0x00000710       0xb4 MCAL/Timer/timer0.o
                                0x310 (size before relaxing)
 .debug_str     0x000007c4       0x8c MCAL/Timer/timer2.o
                                0x324 (size before relaxing)

.debug_loc      0x00000000      0x6a1
 *(.debug_loc)
 .debug_loc     0x00000000      0x154 HAL/LED/led.o
 .debug_loc     0x00000154      0x36a MCAL/DIO/dio.o
 .debug_loc     0x000004be      0x105 MCAL/INTERRUPTS/interrupts.o
 .debug_loc     0x000005c3       0x6f MCAL/Timer/timer0.o
 .debug_loc     0x00000632       0x6f MCAL/Timer/timer2.o

.debug_macinfo
 *(.debug_macinfo)

.debug_weaknames
 *(.debug_weaknames)

.debug_funcnames
 *(.debug_funcnames)

.debug_typenames
 *(.debug_typenames)

.debug_varnames
 *(.debug_varnames)

.debug_pubtypes
 *(.debug_pubtypes)

.debug_ranges   0x00000000       0xd8
 *(.debug_ranges)
 .debug_ranges  0x00000000       0x40 App/app.o
 .debug_ranges  0x00000040       0x28 HAL/LED/led.o
 .debug_ranges  0x00000068       0x10 main.o
 .debug_ranges  0x00000078       0x20 MCAL/DIO/dio.o
 .debug_ranges  0x00000098       0x20 MCAL/INTERRUPTS/interrupts.o
 .debug_ranges  0x000000b8       0x10 MCAL/Timer/timer0.o
 .debug_ranges  0x000000c8       0x10 MCAL/Timer/timer2.o

.debug_macro
 *(.debug_macro)
OUTPUT(On-demand Traffic Light Control.elf elf32-avr)
LOAD linker stubs
